{
    "ints": [
        911060166,
        606869171,
        831868293
    ],
    "strings": [
        "9sXw4BG2RtBMqKfI",
        "SRSNBCZ8lkYYHwGC",
        "1KmFdHib42yqP0TQ",
        "tlNZSN7GCZkSNStu",
        "X9WPyKFlJQUKeJsl",
        "AhEwTQUmOPcnwzyl"
    ]
}