Person { Id = 296649443, CorrelationId = KDDCt5YkMlXYv2mg }