Person { Id = 1647809018, CorrelationId = XmouJxpyrrHGAxit }